// Jest Snapshot v1, https://goo.gl/fbAQLP

exports[`BackContinue test BackContinue should match snapshot 1`] = `
<div
  className="MuiDialogActions-root WithStyles(ForwardRef(DialogActions))-root-1 buttons MuiDialogActions-spacing"
>
  <button
    className="MuiButtonBase-root MuiButton-root MuiButton-outlined backBtn MuiButton-outlinedPrimary"
    disabled={false}
    onBlur={[Function]}
    onDragLeave={[Function]}
    onFocus={[Function]}
    onKeyDown={[Function]}
    onKeyUp={[Function]}
    onMouseDown={[Function]}
    onMouseLeave={[Function]}
    onMouseUp={[Function]}
    onTouchEnd={[Function]}
    onTouchMove={[Function]}
    onTouchStart={[Function]}
    tabIndex={0}
    type="button"
  >
    <span
      className="MuiButton-label"
    >
      BACK
    </span>
  </button>
  <button
    className="MuiButtonBase-root MuiButton-root MuiButton-outlined contBtn MuiButton-outlinedPrimary"
    disabled={false}
    onBlur={[Function]}
    onDragLeave={[Function]}
    onFocus={[Function]}
    onKeyDown={[Function]}
    onKeyUp={[Function]}
    onMouseDown={[Function]}
    onMouseLeave={[Function]}
    onMouseUp={[Function]}
    onTouchEnd={[Function]}
    onTouchMove={[Function]}
    onTouchStart={[Function]}
    tabIndex={0}
    type="button"
  >
    <span
      className="MuiButton-label"
    >
      CONTINUE
    </span>
  </button>
</div>
`;
